Archive member included to satisfy reference by file (symbol)

c:/program files/microchip/xc8/v2.40/avr/bin/../lib/gcc/avr/5.4.0/avrxmega3\libgcc.a(_divmodhi4.o)
                              build/default/production/mcc_generated_files/winc/socket/socket.o (__divmodhi4)
c:/program files/microchip/xc8/v2.40/avr/bin/../lib/gcc/avr/5.4.0/avrxmega3\libgcc.a(_udivmodsi4.o)
                              build/default/production/Servo/atmega4808_pwm.o (__udivmodsi4)
c:/program files/microchip/xc8/v2.40/avr/bin/../lib/gcc/avr/5.4.0/avrxmega3\libgcc.a(_tablejump2.o)
                              build/default/production/application/application.o (__tablejump2__)
c:/program files/microchip/xc8/v2.40/avr/bin/../lib/gcc/avr/5.4.0/avrxmega3\libgcc.a(_copy_data.o)
                              build/default/production/application/application.o (__do_copy_data)
c:/program files/microchip/xc8/v2.40/avr/bin/../lib/gcc/avr/5.4.0/avrxmega3\libgcc.a(_udivmodhi4.o)
                              c:/program files/microchip/xc8/v2.40/avr/bin/../lib/gcc/avr/5.4.0/avrxmega3\libgcc.a(_divmodhi4.o) (__udivmodhi4)
c:/program files/microchip/xc8/v2.40/avr/bin/../lib/gcc/avr/5.4.0/../../../../avr/lib/avrxmega3\libc.a(exit.o)
                              C:/Program Files/Microchip/xc8/v2.40/dfp/xc8/avr/lib/avrxmega3/crtatmega4808.o (exit)
c:/program files/microchip/xc8/v2.40/avr/bin/../lib/gcc/avr/5.4.0/../../../../avr/lib/avrxmega3\libc.a(lite_free.o)
                              build/default/production/application/application.o (free)
c:/program files/microchip/xc8/v2.40/avr/bin/../lib/gcc/avr/5.4.0/../../../../avr/lib/avrxmega3\libc.a(lite_malloc.o)
                              build/default/production/application/application.o (malloc)
c:/program files/microchip/xc8/v2.40/avr/bin/../lib/gcc/avr/5.4.0/../../../../avr/lib/avrxmega3\libc.a(__sio_printf_dosux.o)
                              build/default/production/application/application.o (_printf_cdopsuxX)
c:/program files/microchip/xc8/v2.40/avr/bin/../lib/gcc/avr/5.4.0/../../../../avr/lib/avrxmega3\libc.a(__sio_printf_s.o)
                              build/default/production/application/application.o (_printf_s)
c:/program files/microchip/xc8/v2.40/avr/bin/../lib/gcc/avr/5.4.0/../../../../avr/lib/avrxmega3\libc.a(__fmt_d.o)
                              c:/program files/microchip/xc8/v2.40/avr/bin/../lib/gcc/avr/5.4.0/../../../../avr/lib/avrxmega3\libc.a(__sio_printf_dosux.o) (__fmt_d_needed)
c:/program files/microchip/xc8/v2.40/avr/bin/../lib/gcc/avr/5.4.0/../../../../avr/lib/avrxmega3\libc.a(__fmt_o.o)
                              c:/program files/microchip/xc8/v2.40/avr/bin/../lib/gcc/avr/5.4.0/../../../../avr/lib/avrxmega3\libc.a(__sio_printf_dosux.o) (__fmt_o_needed)
c:/program files/microchip/xc8/v2.40/avr/bin/../lib/gcc/avr/5.4.0/../../../../avr/lib/avrxmega3\libc.a(__fmt_s.o)
                              c:/program files/microchip/xc8/v2.40/avr/bin/../lib/gcc/avr/5.4.0/../../../../avr/lib/avrxmega3\libc.a(__sio_printf_dosux.o) (__fmt_s_needed)
c:/program files/microchip/xc8/v2.40/avr/bin/../lib/gcc/avr/5.4.0/../../../../avr/lib/avrxmega3\libc.a(__fmt_u.o)
                              c:/program files/microchip/xc8/v2.40/avr/bin/../lib/gcc/avr/5.4.0/../../../../avr/lib/avrxmega3\libc.a(__fmt_d.o) (__cvt_u)
c:/program files/microchip/xc8/v2.40/avr/bin/../lib/gcc/avr/5.4.0/../../../../avr/lib/avrxmega3\libc.a(__fmt_x.o)
                              c:/program files/microchip/xc8/v2.40/avr/bin/../lib/gcc/avr/5.4.0/../../../../avr/lib/avrxmega3\libc.a(__sio_printf_dosux.o) (__fmt_x_needed)
c:/program files/microchip/xc8/v2.40/avr/bin/../lib/gcc/avr/5.4.0/../../../../avr/lib/avrxmega3\libc.a(__pop_int.o)
                              c:/program files/microchip/xc8/v2.40/avr/bin/../lib/gcc/avr/5.4.0/../../../../avr/lib/avrxmega3\libc.a(__sio_printf_dosux.o) (__pop_int_needed)
c:/program files/microchip/xc8/v2.40/avr/bin/../lib/gcc/avr/5.4.0/../../../../avr/lib/avrxmega3\libc.a(__printf_core.o)
                              c:/program files/microchip/xc8/v2.40/avr/bin/../lib/gcc/avr/5.4.0/../../../../avr/lib/avrxmega3\libc.a(__fmt_d.o) (__pad)
c:/program files/microchip/xc8/v2.40/avr/bin/../lib/gcc/avr/5.4.0/../../../../avr/lib/avrxmega3\libc.a(fputc.o)
                              c:/program files/microchip/xc8/v2.40/avr/bin/../lib/gcc/avr/5.4.0/../../../../avr/lib/avrxmega3\libc.a(__printf_core.o) (fputc)
c:/program files/microchip/xc8/v2.40/avr/bin/../lib/gcc/avr/5.4.0/../../../../avr/lib/avrxmega3\libc.a(stdout.o)
                              build/default/production/mcc_generated_files/src/usart2.o (_stdout)
c:/program files/microchip/xc8/v2.40/avr/bin/../lib/gcc/avr/5.4.0/../../../../avr/lib/avrxmega3\libc.a(memcpy.o)
                              build/default/production/mcc_generated_files/winc/m2m/m2m_wifi.o (memcpy)
c:/program files/microchip/xc8/v2.40/avr/bin/../lib/gcc/avr/5.4.0/../../../../avr/lib/avrxmega3\libc.a(memset.o)
[...]
Memory Configuration

Name             Origin             Length             Attributes
text             0x0000000000000000 0x000000000000c000 xr
data             0x0000000000802800 0x0000000000001800 rw !x
eeprom           0x0000000000810000 0x0000000000000100 rw !x
fuse             0x0000000000820000 0x000000000000000a rw !x
lock             0x0000000000830000 0x0000000000000400 rw !x
signature        0x0000000000840000 0x0000000000000400 rw !x
user_signatures  0x0000000000850000 0x0000000000000400 rw !x
*default*        0x0000000000000000 0xffffffffffffffff

Linker script and memory map

Address of section .data set to 0x802800
                0x0000000000004000                __RODATA_PM_OFFSET__ = 0x4000
LOAD C:/Program Files/Microchip/xc8/v2.40/dfp/xc8/avr/lib/avrxmega3/crtatmega4808.o
                0x0000000000000001                __MPLAB_BUILD = 0x1
LOAD build/default/production/application/application.o
LOAD build/default/production/application/Client_Handle.o
LOAD build/default/production/cli/cli.o
LOAD build/default/production/led/led.o
LOAD build/default/production/mcc_generated_files/drivers/spi_master.o
LOAD build/default/production/mcc_generated_files/src/pin_manager.o
LOAD build/default/production/mcc_generated_files/src/cpuint.o
LOAD build/default/production/mcc_generated_files/src/protected_io.o
LOAD build/default/production/mcc_generated_files/src/spi0.o
LOAD build/default/production/mcc_generated_files/src/tca0.o
LOAD build/default/production/mcc_generated_files/src/usart2.o
LOAD build/default/production/mcc_generated_files/src/rtc.o
LOAD build/default/production/mcc_generated_files/winc/driver/winc_spi.o
LOAD build/default/production/mcc_generated_files/winc/driver/winc_adapter.o
LOAD build/default/production/mcc_generated_files/winc/driver/winc_hif.o
LOAD build/default/production/mcc_generated_files/winc/driver/winc_asic.o
LOAD build/default/production/mcc_generated_files/winc/driver/winc_drv.o
LOAD build/default/production/mcc_generated_files/winc/m2m/m2m_ssl.o
LOAD build/default/production/mcc_generated_files/winc/m2m/m2m_wifi.o
LOAD build/default/production/mcc_generated_files/winc/m2m/m2m_periph.o
LOAD build/default/production/mcc_generated_files/winc/m2m/m2m_ota.o
LOAD build/default/production/mcc_generated_files/winc/m2m/m2m_fwinfo.o
LOAD build/default/production/mcc_generated_files/winc/m2m/m2m_crypto.o
LOAD build/default/production/mcc_generated_files/winc/socket/socket.o
LOAD build/default/production/mcc_generated_files/winc/spi_flash/flexible_flash.o
LOAD build/default/production/mcc_generated_files/winc/spi_flash/spi_flash.o
LOAD build/default/production/mcc_generated_files/device_config.o
LOAD build/default/production/mcc_generated_files/mcc.o
LOAD build/default/production/mcc_generated_files/delay.o
LOAD build/default/production/network/network.o
LOAD build/default/production/network/network_winc1500.o
LOAD build/default/production/network/winc1500_tcp_server.o
LOAD build/default/production/scheduler/atmega4808_rtc.o
LOAD build/default/production/scheduler/scheduler.o
LOAD build/default/production/scheduler/scheduler_conf.o
LOAD build/default/production/Servo/atmega4808_pwm.o
LOAD build/default/production/Servo/servo.o
LOAD build/default/production/utility/ring_buffer.o
LOAD build/default/production/main.o
START GROUP
LOAD c:/program files/microchip/xc8/v2.40/avr/bin/../lib/gcc/avr/5.4.0/../../../../avr/lib/avrxmega3\libm.a
END GROUP
START GROUP
LOAD c:/program files/microchip/xc8/v2.40/avr/bin/../lib/gcc/avr/5.4.0/avrxmega3\libgcc.a
LOAD c:/program files/microchip/xc8/v2.40/avr/bin/../lib/gcc/avr/5.4.0/../../../../avr/lib/avrxmega3\libm.a
LOAD c:/program files/microchip/xc8/v2.40/avr/bin/../lib/gcc/avr/5.4.0/../../../../avr/lib/avrxmega3\libc.a
LOAD C:/Program Files/Microchip/xc8/v2.40/dfp/xc8/avr/lib/avrxmega3\libatmega4808.a
END GROUP
                [0x0000000000000000]                __TEXT_REGION_ORIGIN__ = DEFINED (__TEXT_REGION_ORIGIN__)?__TEXT_REGION_ORIGIN__:0x0
                [0x0000000000802800]                __DATA_REGION_ORIGIN__ = DEFINED (__DATA_REGION_ORIGIN__)?__DATA_REGION_ORIGIN__:0x802000
                [0x000000000000c000]                __TEXT_REGION_LENGTH__ = DEFINED (__TEXT_REGION_LENGTH__)?__TEXT_REGION_LENGTH__:0x100000
                [0x0000000000001800]                __DATA_REGION_LENGTH__ = DEFINED (__DATA_REGION_LENGTH__)?__DATA_REGION_LENGTH__:0xffa0
                [0x0000000000000100]                __EEPROM_REGION_LENGTH__ = DEFINED (__EEPROM_REGION_LENGTH__)?__EEPROM_REGION_LENGTH__:0x10000
                [0x000000000000000a]                __FUSE_REGION_LENGTH__ = DEFINED (__FUSE_REGION_LENGTH__)?__FUSE_REGION_LENGTH__:0x400
                0x0000000000000400                __LOCK_REGION_LENGTH__ = DEFINED (__LOCK_REGION_LENGTH__)?__LOCK_REGION_LENGTH__:0x400
                0x0000000000000400                __SIGNATURE_REGION_LENGTH__ = DEFINED (__SIGNATURE_REGION_LENGTH__)?__SIGNATURE_REGION_LENGTH__:0x400
                0x0000000000000400                __USER_SIGNATURE_REGION_LENGTH__ = DEFINED (__USER_SIGNATURE_REGION_LENGTH__)?__USER_SIGNATURE_REGION_LENGTH__:0x400
                0x0000000000008000                __RODATA_PM_OFFSET__ = DEFINED (__RODATA_PM_OFFSET__)?__RODATA_PM_OFFSET__:0x8000

.hash
 *(.hash)

.dynsym
 *(.dynsym)

.dynstr
 *(.dynstr)

.gnu.version
 *(.gnu.version)

.gnu.version_d
 *(.gnu.version_d)

.gnu.version_r
 *(.gnu.version_r)

.rel.init
 *(.rel.init)

.rela.init
 *(.rela.init)

.rel.text
 *(.rel.text)
 *(.rel.text.*)
 *(.rel.gnu.linkonce.t*)

.rela.text
 *(.rela.text)
 *(.rela.text.*)
 *(.rela.gnu.linkonce.t*)

.rel.fini
 *(.rel.fini)

.rela.fini
 *(.rela.fini)

.rel.rodata
 *(.rel.rodata)
 *(.rel.rodata.*)
 *(.rel.gnu.linkonce.r*)

.rela.rodata
 *(.rela.rodata)
 *(.rela.rodata.*)
 *(.rela.gnu.linkonce.r*)

.rel.data
 *(.rel.data)
 *(.rel.data.*)
 *(.rel.gnu.linkonce.d*)

.rela.data
 *(.rela.data)
 *(.rela.data.*)
 *(.rela.gnu.linkonce.d*)

.rel.ctors
 *(.rel.ctors)

.rela.ctors
 *(.rela.ctors)

.rel.dtors
 *(.rel.dtors)

.rela.dtors
 *(.rela.dtors)

.rel.got
 *(.rel.got)

.rela.got
 *(.rela.got)

.rel.bss
 *(.rel.bss)

.rela.bss
 *(.rela.bss)

.rel.plt
 *(.rel.plt)

.rela.plt
 *(.rela.plt)

.text           0x0000000000000000      0x10e
 *(.vectors)
 .vectors       0x0000000000000000       0x90 C:/Program Files/Microchip/xc8/v2.40/dfp/xc8/avr/lib/avrxmega3/crtatmega4808.o
                0x0000000000000000                __vector_default
                0x0000000000000000                __vectors
 *(.vectors)
 *(.progmem.gcc*)
 *(.dinit)
 .dinit         0x0000000000000090       0x29 data_init
                0x00000000000000ba                . = ALIGN (0x2)
 *fill*         0x00000000000000b9        0x1 
                0x00000000000000ba                __trampolines_start = .
 *(.trampolines)
 .trampolines   0x00000000000000ba        0x0 linker stubs
 *(.trampolines*)
                0x00000000000000ba                __trampolines_end = .
 *libprintf_flt.a:*(.progmem.data)
 *libc.a:*(.progmem.data)
                0x00000000000000ba                . = ALIGN (0x2)
 *(.jumptables)
 *(.jumptables*)
 *(.lowtext)
 *(.lowtext*)
                0x00000000000000ba                __ctors_start = .
 *(.ctors)
                0x00000000000000ba                __ctors_end = .
                0x00000000000000ba                __dtors_start = .
 *(.dtors)
                0x00000000000000ba                __dtors_end = .
 SORT(*)(.ctors)
 SORT(*)(.dtors)
 *(.init0)
 .init0         0x00000000000000ba        0x0 C:/Program Files/Microchip/xc8/v2.40/dfp/xc8/avr/lib/avrxmega3/crtatmega4808.o
                0x00000000000000ba                __init
 *(.init0)
 *(.init1)
 *(.init1)
 *(.init2)
 .init2         0x00000000000000ba        0xc C:/Program Files/Microchip/xc8/v2.40/dfp/xc8/avr/lib/avrxmega3/crtatmega4808.o
 *(.init2)
 *(.init3)
 *(.init3)
 *(.init4)
 .init4         0x00000000000000c6       0x3c c:/program files/microchip/xc8/v2.40/avr/bin/../lib/gcc/avr/5.4.0/avrxmega3\libgcc.a(_copy_data.o)
                0x00000000000000c6                __do_copy_data
                0x00000000000000f4                __do_clear_bss
 *(.init4)
 *(.init5)
 *(.init5)
 *(.init6)
 *(.init6)
 *(.init7)
 *(.init7)
 *(.init8)
 *(.init8)
 *(.init9)
 .init9         0x0000000000000102        0x8 C:/Program Files/Microchip/xc8/v2.40/dfp/xc8/avr/lib/avrxmega3/crtatmega4808.o
 *(.init9)
                0x000000000000010a                . = ALIGN (0x2)
 *(.fini9)
 .fini9         0x000000000000010a        0x0 c:/program files/microchip/xc8/v2.40/avr/bin/../lib/gcc/avr/5.4.0/avrxmega3\libgcc.a(_exit.o)
                0x000000000000010a                _exit
 *(.fini9)
 *(.fini8)
 *(.fini8)
 *(.fini7)
 *(.fini7)
 *(.fini6)
 *(.fini6)
 *(.fini5)
 *(.fini5)
 *(.fini4)
 *(.fini4)
 *(.fini3)
 *(.fini3)
 *(.fini2)
 *(.fini2)
 *(.fini1)
 *(.fini1)
 *(.fini0)
 .fini0         0x000000000000010a        0x4 c:/program files/microchip/xc8/v2.40/avr/bin/../lib/gcc/avr/5.4.0/avrxmega3\libgcc.a(_exit.o)
 *(.fini0)
                0x000000000000010e                _etext = .

.data           0x0000000000802800        0x0 load address 0x000000000000010e
                [!provide]                        PROVIDE (__data_start, .)
 *(.gnu.linkonce.d*)
                0x0000000000802800                . = ALIGN (0x2)
                0x0000000000802800                _edata = .
                [!provide]                        PROVIDE (__data_end, .)

.bss            0x0000000000802800       0x11
                [!provide]                        PROVIDE (__bss_start, .)
 *(COMMON)
 COMMON         0x0000000000802800        0xf build/default/production/application/application.o
                0x0000000000802800                ip
                0x0000000000802804                version
                0x0000000000802805                w_ptr
                0x0000000000802807                interface
                0x0000000000802809                server
                0x000000000080280b                r_ptr
                0x000000000080280d                sub_version
                0x000000000080280e                ssub_version
 COMMON         0x000000000080280f        0x2 c:/program files/microchip/xc8/v2.40/avr/bin/../lib/gcc/avr/5.4.0/../../../../avr/lib/avrxmega3\libc.a(errno.o)
                0x000000000080280f                __errno_val
                [!provide]                        PROVIDE (__bss_end, .)
                0x000000000000010e                __data_load_start = LOADADDR (.data)
                0x000000000000010e                __data_load_end = (__data_load_start + SIZEOF (.data))

.noinit         0x0000000000802811        0x0
                [!provide]                        PROVIDE (__noinit_start, .)
 *(.noinit*)
                [!provide]                        PROVIDE (__noinit_end, .)
                0x0000000000802811                _end = .

.eeprom         0x0000000000810000        0x0
 *(.eeprom*)
                0x0000000000810000                __eeprom_end = .

.fuse           0x0000000000820000        0x9
 *(.fuse)
 .fuse          0x0000000000820000        0x9 build/default/production/mcc_generated_files/device_config.o
                0x0000000000820000                __fuse
 *(.lfuse)
 *(.hfuse)
 *(.efuse)

.lock
 *(.lock*)

.signature
 *(.signature*)

.user_signatures
 *(.user_signatures*)

.stab
 *(.stab)

.stabstr
 *(.stabstr)

.stab.excl
 *(.stab.excl)

.stab.exclstr
 *(.stab.exclstr)

.stab.index
 *(.stab.index)

.stab.indexstr
 *(.stab.indexstr)

.comment        0x0000000000000000       0x2f
 *(.comment)
 .comment       0x0000000000000000       0x2f build/default/production/application/application.o
                                         0x30 (size before relaxing)
 .comment       0x000000000000002f       0x30 build/default/production/cli/cli.o
 .comment       0x000000000000002f       0x30 build/default/production/mcc_generated_files/src/pin_manager.o
 .comment       0x000000000000002f       0x30 build/default/production/mcc_generated_files/src/cpuint.o
 .comment       0x000000000000002f       0x30 build/default/production/mcc_generated_files/src/spi0.o
 .comment       0x000000000000002f       0x30 build/default/production/mcc_generated_files/src/tca0.o
 .comment       0x000000000000002f       0x30 build/default/production/mcc_generated_files/src/usart2.o
 .comment       0x000000000000002f       0x30 build/default/production/mcc_generated_files/src/rtc.o
 .comment       0x000000000000002f       0x30 build/default/production/mcc_generated_files/device_config.o
 .comment       0x000000000000002f       0x30 build/default/production/mcc_generated_files/mcc.o
 .comment       0x000000000000002f       0x30 build/default/production/mcc_generated_files/delay.o
 .comment       0x000000000000002f       0x30 build/default/production/scheduler/atmega4808_rtc.o
 .comment       0x000000000000002f       0x30 build/default/production/Servo/atmega4808_pwm.o
 .comment       0x000000000000002f       0x30 build/default/production/main.o
 .comment       0x000000000000002f       0x30 c:/program files/microchip/xc8/v2.40/avr/bin/../lib/gcc/avr/5.4.0/../../../../avr/lib/avrxmega3\libc.a(exit.o)
 .comment       0x000000000000002f       0x30 c:/program files/microchip/xc8/v2.40/avr/bin/../lib/gcc/avr/5.4.0/../../../../avr/lib/avrxmega3\libc.a(__sio_printf_dosux.o)
 .comment       0x000000000000002f       0x30 c:/program files/microchip/xc8/v2.40/avr/bin/../lib/gcc/avr/5.4.0/../../../../avr/lib/avrxmega3\libc.a(__sio_printf_s.o)
 .comment       0x000000000000002f       0x30 c:/program files/microchip/xc8/v2.40/avr/bin/../lib/gcc/avr/5.4.0/../../../../avr/lib/avrxmega3\libc.a(__fmt_d.o)
 .comment       0x000000000000002f       0x30 c:/program files/microchip/xc8/v2.40/avr/bin/../lib/gcc/avr/5.4.0/../../../../avr/lib/avrxmega3\libc.a(__fmt_o.o)
 .comment       0x000000000000002f       0x30 c:/program files/microchip/xc8/v2.40/avr/bin/../lib/gcc/avr/5.4.0/../../../../avr/lib/avrxmega3\libc.a(__fmt_s.o)
 .comment       0x000000000000002f       0x30 c:/program files/microchip/xc8/v2.40/avr/bin/../lib/gcc/avr/5.4.0/../../../../avr/lib/avrxmega3\libc.a(__fmt_u.o)
 .comment       0x000000000000002f       0x30 c:/program files/microchip/xc8/v2.40/avr/bin/../lib/gcc/avr/5.4.0/../../../../avr/lib/avrxmega3\libc.a(__fmt_x.o)
 .comment       0x000000000000002f       0x30 c:/program files/microchip/xc8/v2.40/avr/bin/../lib/gcc/avr/5.4.0/../../../../avr/lib/avrxmega3\libc.a(__pop_int.o)
 .comment       0x000000000000002f       0x30 c:/program files/microchip/xc8/v2.40/avr/bin/../lib/gcc/avr/5.4.0/../../../../avr/lib/avrxmega3\libc.a(__printf_core.o)
 .comment       0x000000000000002f       0x30 c:/program files/microchip/xc8/v2.40/avr/bin/../lib/gcc/avr/5.4.0/../../../../avr/lib/avrxmega3\libc.a(fputc.o)
 .comment       0x000000000000002f       0x30 c:/program files/microchip/xc8/v2.40/avr/bin/../lib/gcc/avr/5.4.0/../../../../avr/lib/avrxmega3\libc.a(stdout.o)
 .comment       0x000000000000002f       0x30 c:/program files/microchip/xc8/v2.40/avr/bin/../lib/gcc/avr/5.4.0/../../../../avr/lib/avrxmega3\libc.a(strlen.o)
 .comment       0x000000000000002f       0x30 c:/program files/microchip/xc8/v2.40/avr/bin/../lib/gcc/avr/5.4.0/../../../../avr/lib/avrxmega3\libc.a(tolower.o)
 .comment       0x000000000000002f       0x30 c:/program files/microchip/xc8/v2.40/avr/bin/../lib/gcc/avr/5.4.0/../../../../avr/lib/avrxmega3\libc.a(toupper.o)
 .comment       0x000000000000002f       0x30 c:/program files/microchip/xc8/v2.40/avr/bin/../lib/gcc/avr/5.4.0/../../../../avr/lib/avrxmega3\libc.a(errno.o)
 .comment       0x000000000000002f       0x30 c:/program files/microchip/xc8/v2.40/avr/bin/../lib/gcc/avr/5.4.0/../../../../avr/lib/avrxmega3\libc.a(_Exit.o)
 .comment       0x000000000000002f       0x30 c:/program files/microchip/xc8/v2.40/avr/bin/../lib/gcc/avr/5.4.0/../../../../avr/lib/avrxmega3\libc.a(__int_vfprintf.o)

.stack.descriptors.hdr
                0x0000000000000000       0x1c
 .stack.descriptors.hdr
                0x0000000000000000        0xe c:/program files/microchip/xc8/v2.40/avr/bin/../lib/gcc/avr/5.4.0/avrxmega3\libgcc.a(_udivmodsi4.o)
 .stack.descriptors.hdr
                0x000000000000000e        0xe c:/program files/microchip/xc8/v2.40/avr/bin/../lib/gcc/avr/5.4.0/avrxmega3\libgcc.a(_exit.o)

.note.GNU-stack
                0x0000000000000000        0x0
 .note.GNU-stack
                0x0000000000000000        0x0 c:/program files/microchip/xc8/v2.40/avr/bin/../lib/gcc/avr/5.4.0/../../../../avr/lib/avrxmega3\libc.a(exit.o)
 .note.GNU-stack
                0x0000000000000000        0x0 c:/program files/microchip/xc8/v2.40/avr/bin/../lib/gcc/avr/5.4.0/../../../../avr/lib/avrxmega3\libc.a(__sio_printf_dosux.o)
 .note.GNU-stack
                0x0000000000000000        0x0 c:/program files/microchip/xc8/v2.40/avr/bin/../lib/gcc/avr/5.4.0/../../../../avr/lib/avrxmega3\libc.a(__sio_printf_s.o)
 .note.GNU-stack
                0x0000000000000000        0x0 c:/program files/microchip/xc8/v2.40/avr/bin/../lib/gcc/avr/5.4.0/../../../../avr/lib/avrxmega3\libc.a(__fmt_d.o)
 .note.GNU-stack
                0x0000000000000000        0x0 c:/program files/microchip/xc8/v2.40/avr/bin/../lib/gcc/avr/5.4.0/../../../../avr/lib/avrxmega3\libc.a(__fmt_o.o)
 .note.GNU-stack
                0x0000000000000000        0x0 c:/program files/microchip/xc8/v2.40/avr/bin/../lib/gcc/avr/5.4.0/../../../../avr/lib/avrxmega3\libc.a(__fmt_s.o)
 .note.GNU-stack
                0x0000000000000000        0x0 c:/program files/microchip/xc8/v2.40/avr/bin/../lib/gcc/avr/5.4.0/../../../../avr/lib/avrxmega3\libc.a(__fmt_u.o)
 .note.GNU-stack
                0x0000000000000000        0x0 c:/program files/microchip/xc8/v2.40/avr/bin/../lib/gcc/avr/5.4.0/../../../../avr/lib/avrxmega3\libc.a(__fmt_x.o)
 .note.GNU-stack
                0x0000000000000000        0x0 c:/program files/microchip/xc8/v2.40/avr/bin/../lib/gcc/avr/5.4.0/../../../../avr/lib/avrxmega3\libc.a(__pop_int.o)
 .note.GNU-stack
                0x0000000000000000        0x0 c:/program files/microchip/xc8/v2.40/avr/bin/../lib/gcc/avr/5.4.0/../../../../avr/lib/avrxmega3\libc.a(__printf_core.o)
 .note.GNU-stack
                0x0000000000000000        0x0 c:/program files/microchip/xc8/v2.40/avr/bin/../lib/gcc/avr/5.4.0/../../../../avr/lib/avrxmega3\libc.a(fputc.o)
 .note.GNU-stack
                0x0000000000000000        0x0 c:/program files/microchip/xc8/v2.40/avr/bin/../lib/gcc/avr/5.4.0/../../../../avr/lib/avrxmega3\libc.a(stdout.o)
 .note.GNU-stack
                0x0000000000000000        0x0 c:/program files/microchip/xc8/v2.40/avr/bin/../lib/gcc/avr/5.4.0/../../../../avr/lib/avrxmega3\libc.a(strlen.o)
 .note.GNU-stack
                0x0000000000000000        0x0 c:/program files/microchip/xc8/v2.40/avr/bin/../lib/gcc/avr/5.4.0/../../../../avr/lib/avrxmega3\libc.a(tolower.o)
 .note.GNU-stack
                0x0000000000000000        0x0 c:/program files/microchip/xc8/v2.40/avr/bin/../lib/gcc/avr/5.4.0/../../../../avr/lib/avrxmega3\libc.a(toupper.o)
 .note.GNU-stack
                0x0000000000000000        0x0 c:/program files/microchip/xc8/v2.40/avr/bin/../lib/gcc/avr/5.4.0/../../../../avr/lib/avrxmega3\libc.a(errno.o)
 .note.GNU-stack
                0x0000000000000000        0x0 c:/program files/microchip/xc8/v2.40/avr/bin/../lib/gcc/avr/5.4.0/../../../../avr/lib/avrxmega3\libc.a(_Exit.o)
 .note.GNU-stack
                0x0000000000000000        0x0 c:/program files/microchip/xc8/v2.40/avr/bin/../lib/gcc/avr/5.4.0/../../../../avr/lib/avrxmega3\libc.a(__int_vfprintf.o)

.note.gnu.build-id
 *(.note.gnu.build-id)

.debug
 *(.debug)

.line
 *(.line)

.debug_srcinfo
 *(.debug_srcinfo)

.debug_sfnames
 *(.debug_sfnames)

.debug_aranges  0x0000000000000000      0x680
 *(.debug_aranges)
 .debug_aranges
                0x0000000000000000       0x78 build/default/production/application/application.o
 .debug_aranges
                0x0000000000000078       0x40 build/default/production/cli/cli.o
 .debug_aranges
                0x00000000000000b8      0x1a0 build/default/production/mcc_generated_files/src/pin_manager.o
 .debug_aranges
                0x0000000000000258       0x20 build/default/production/mcc_generated_files/src/cpuint.o
 .debug_aranges
                0x0000000000000278       0x20 build/default/production/mcc_generated_files/src/protected_io.o
 .debug_aranges
                0x0000000000000298       0x98 build/default/production/mcc_generated_files/src/spi0.o
 .debug_aranges
                0x0000000000000330       0xb0 build/default/production/mcc_generated_files/src/tca0.o
 .debug_aranges
                0x00000000000003e0       0xc0 build/default/production/mcc_generated_files/src/usart2.o
 .debug_aranges
                0x00000000000004a0       0x98 build/default/production/mcc_generated_files/src/rtc.o
 .debug_aranges
                0x0000000000000538       0x18 build/default/production/mcc_generated_files/device_config.o
 .debug_aranges
                0x0000000000000550       0x48 build/default/production/mcc_generated_files/mcc.o
 .debug_aranges
                0x0000000000000598       0x28 build/default/production/mcc_generated_files/delay.o
 .debug_aranges
                0x00000000000005c0       0x50 build/default/production/scheduler/atmega4808_rtc.o
 .debug_aranges
                0x0000000000000610       0x50 build/default/production/Servo/atmega4808_pwm.o
 .debug_aranges
                0x0000000000000660       0x20 build/default/production/main.o

.debug_pubnames
 *(.debug_pubnames)

.debug_info     0x0000000000000000     0xa798
 *(.debug_info .gnu.linkonce.wi.*)
 .debug_info    0x0000000000000000     0x25a7 C:/Program Files/Microchip/xc8/v2.40/dfp/xc8/avr/lib/avrxmega3/crtatmega4808.o
 .debug_info    0x00000000000025a7      0xff6 build/default/production/application/application.o
 .debug_info    0x000000000000359d      0x53c build/default/production/cli/cli.o
 .debug_info    0x0000000000003ad9     0x16e9 build/default/production/mcc_generated_files/src/pin_manager.o
 .debug_info    0x00000000000051c2      0x3ab build/default/production/mcc_generated_files/src/cpuint.o
 .debug_info    0x000000000000556d       0x88 build/default/production/mcc_generated_files/src/protected_io.o
 .debug_info    0x00000000000055f5      0x777 build/default/production/mcc_generated_files/src/spi0.o
 .debug_info    0x0000000000005d6c      0xcf5 build/default/production/mcc_generated_files/src/tca0.o
 .debug_info    0x0000000000006a61      0xb0a build/default/production/mcc_generated_files/src/usart2.o
 .debug_info    0x000000000000756b      0x805 build/default/production/mcc_generated_files/src/rtc.o
 .debug_info    0x0000000000007d70      0x7ba build/default/production/mcc_generated_files/device_config.o
 .debug_info    0x000000000000852a      0x9af build/default/production/mcc_generated_files/mcc.o
 .debug_info    0x0000000000008ed9      0x3e7 build/default/production/mcc_generated_files/delay.o
 .debug_info    0x00000000000092c0      0x69d build/default/production/scheduler/atmega4808_rtc.o
 .debug_info    0x000000000000995d      0xae9 build/default/production/Servo/atmega4808_pwm.o
 .debug_info    0x000000000000a446      0x352 build/default/production/main.o

.debug_abbrev   0x0000000000000000     0x3884
 *(.debug_abbrev)
 .debug_abbrev  0x0000000000000000     0x23a4 C:/Program Files/Microchip/xc8/v2.40/dfp/xc8/avr/lib/avrxmega3/crtatmega4808.o
 .debug_abbrev  0x00000000000023a4      0x287 build/default/production/application/application.o
 .debug_abbrev  0x000000000000262b      0x15e build/default/production/cli/cli.o
 .debug_abbrev  0x0000000000002789      0x1c8 build/default/production/mcc_generated_files/src/pin_manager.o
 .debug_abbrev  0x0000000000002951       0xfa build/default/production/mcc_generated_files/src/cpuint.o
 .debug_abbrev  0x0000000000002a4b       0x14 build/default/production/mcc_generated_files/src/protected_io.o
 .debug_abbrev  0x0000000000002a5f      0x1c4 build/default/production/mcc_generated_files/src/spi0.o
 .debug_abbrev  0x0000000000002c23      0x19e build/default/production/mcc_generated_files/src/tca0.o
 .debug_abbrev  0x0000000000002dc1      0x2bd build/default/production/mcc_generated_files/src/usart2.o
 .debug_abbrev  0x000000000000307e      0x164 build/default/production/mcc_generated_files/src/rtc.o
 .debug_abbrev  0x00000000000031e2       0x97 build/default/production/mcc_generated_files/device_config.o
 .debug_abbrev  0x0000000000003279      0x17b build/default/production/mcc_generated_files/mcc.o
 .debug_abbrev  0x00000000000033f4      0x12b build/default/production/mcc_generated_files/delay.o
 .debug_abbrev  0x000000000000351f      0x161 build/default/production/scheduler/atmega4808_rtc.o
 .debug_abbrev  0x0000000000003680      0x165 build/default/production/Servo/atmega4808_pwm.o
 .debug_abbrev  0x00000000000037e5       0x9f build/default/production/main.o

.debug_line     0x0000000000000000     0x29e4
 *(.debug_line .debug_line.* .debug_line_end)
 .debug_line    0x0000000000000000      0x16f C:/Program Files/Microchip/xc8/v2.40/dfp/xc8/avr/lib/avrxmega3/crtatmega4808.o
 .debug_line    0x000000000000016f      0x5dc build/default/production/application/application.o
 .debug_line    0x000000000000074b      0x203 build/default/production/cli/cli.o
 .debug_line    0x000000000000094e      0x6ee build/default/production/mcc_generated_files/src/pin_manager.o
 .debug_line    0x000000000000103c      0x16e build/default/production/mcc_generated_files/src/cpuint.o
 .debug_line    0x00000000000011aa       0x66 build/default/production/mcc_generated_files/src/protected_io.o
 .debug_line    0x0000000000001210      0x342 build/default/production/mcc_generated_files/src/spi0.o
 .debug_line    0x0000000000001552      0x354 build/default/production/mcc_generated_files/src/tca0.o
 .debug_line    0x00000000000018a6      0x467 build/default/production/mcc_generated_files/src/usart2.o
 .debug_line    0x0000000000001d0d      0x2fe build/default/production/mcc_generated_files/src/rtc.o
 .debug_line    0x000000000000200b       0xd3 build/default/production/mcc_generated_files/device_config.o
 .debug_line    0x00000000000020de      0x266 build/default/production/mcc_generated_files/mcc.o
 .debug_line    0x0000000000002344      0x134 build/default/production/mcc_generated_files/delay.o
 .debug_line    0x0000000000002478      0x1cc build/default/production/scheduler/atmega4808_rtc.o
 .debug_line    0x0000000000002644      0x1d5 build/default/production/Servo/atmega4808_pwm.o
 .debug_line    0x0000000000002819      0x1cb build/default/production/main.o

.debug_frame    0x0000000000000000      0xf74
 *(.debug_frame)
 .debug_frame   0x0000000000000000      0x294 build/default/production/application/application.o
 .debug_frame   0x0000000000000294       0x84 build/default/production/cli/cli.o
 .debug_frame   0x0000000000000318      0x380 build/default/production/mcc_generated_files/src/pin_manager.o
 .debug_frame   0x0000000000000698       0x24 build/default/production/mcc_generated_files/src/cpuint.o
 .debug_frame   0x00000000000006bc      0x114 build/default/production/mcc_generated_files/src/spi0.o
 .debug_frame   0x00000000000007d0      0x264 build/default/production/mcc_generated_files/src/tca0.o
 .debug_frame   0x0000000000000a34      0x200 build/default/production/mcc_generated_files/src/usart2.o
 .debug_frame   0x0000000000000c34      0x15c build/default/production/mcc_generated_files/src/rtc.o
 .debug_frame   0x0000000000000d90       0x74 build/default/production/mcc_generated_files/mcc.o
 .debug_frame   0x0000000000000e04       0x34 build/default/production/mcc_generated_files/delay.o
 .debug_frame   0x0000000000000e38       0x94 build/default/production/scheduler/atmega4808_rtc.o
 .debug_frame   0x0000000000000ecc       0x84 build/default/production/Servo/atmega4808_pwm.o
 .debug_frame   0x0000000000000f50       0x24 build/default/production/main.o

.debug_str      0x0000000000000000     0x132a
 *(.debug_str)
 .debug_str     0x0000000000000000      0xfdf C:/Program Files/Microchip/xc8/v2.40/dfp/xc8/avr/lib/avrxmega3/crtatmega4808.o
 .debug_str     0x0000000000000fdf      0x111 build/default/production/application/application.o
 .debug_str     0x00000000000010f0        0x0 build/default/production/cli/cli.o
 .debug_str     0x00000000000010f0       0x25 build/default/production/mcc_generated_files/src/pin_manager.o
 .debug_str     0x0000000000001115       0x13 build/default/production/mcc_generated_files/src/cpuint.o
 .debug_str     0x0000000000001128       0x17 build/default/production/mcc_generated_files/src/spi0.o
 .debug_str     0x000000000000113f       0x52 build/default/production/mcc_generated_files/src/tca0.o
 .debug_str     0x0000000000001191        0x0 build/default/production/mcc_generated_files/src/usart2.o
 .debug_str     0x0000000000001191        0x9 build/default/production/mcc_generated_files/src/rtc.o
 .debug_str     0x000000000000119a        0x0 build/default/production/mcc_generated_files/device_config.o
 .debug_str     0x000000000000119a       0x93 build/default/production/mcc_generated_files/mcc.o
 .debug_str     0x000000000000122d       0x26 build/default/production/mcc_generated_files/delay.o
 .debug_str     0x0000000000001253        0x0 build/default/production/scheduler/atmega4808_rtc.o
 .debug_str     0x0000000000001253       0x9c build/default/production/Servo/atmega4808_pwm.o
 .debug_str     0x00000000000012ef       0x3b build/default/production/main.o

.debug_loc      0x0000000000000000      0x874
 *(.debug_loc)
 .debug_loc     0x0000000000000000       0x14 build/default/production/application/application.o
 .debug_loc     0x0000000000000014       0xcd build/default/production/cli/cli.o
 .debug_loc     0x00000000000000e1       0x78 build/default/production/mcc_generated_files/src/pin_manager.o
 .debug_loc     0x0000000000000159       0x2a build/default/production/mcc_generated_files/src/cpuint.o
 .debug_loc     0x0000000000000183      0x27a build/default/production/mcc_generated_files/src/spi0.o
 .debug_loc     0x00000000000003fd      0x123 build/default/production/mcc_generated_files/src/usart2.o
 .debug_loc     0x0000000000000520      0x172 build/default/production/mcc_generated_files/mcc.o
 .debug_loc     0x0000000000000692      0x15e build/default/production/mcc_generated_files/delay.o
 .debug_loc     0x00000000000007f0       0x84 build/default/production/Servo/atmega4808_pwm.o

.debug_macinfo
 *(.debug_macinfo)

.debug_weaknames
 *(.debug_weaknames)

.debug_funcnames
 *(.debug_funcnames)

.debug_typenames
 *(.debug_typenames)

.debug_varnames
 *(.debug_varnames)

.debug_pubtypes
 *(.debug_pubtypes)

.debug_ranges   0x0000000000000000      0x578
 *(.debug_ranges)
 .debug_ranges  0x0000000000000000       0x68 build/default/production/application/application.o
 .debug_ranges  0x0000000000000068       0x30 build/default/production/cli/cli.o
 .debug_ranges  0x0000000000000098      0x190 build/default/production/mcc_generated_files/src/pin_manager.o
 .debug_ranges  0x0000000000000228       0x10 build/default/production/mcc_generated_files/src/cpuint.o
 .debug_ranges  0x0000000000000238       0x88 build/default/production/mcc_generated_files/src/spi0.o
 .debug_ranges  0x00000000000002c0       0xa0 build/default/production/mcc_generated_files/src/tca0.o
 .debug_ranges  0x0000000000000360       0xb0 build/default/production/mcc_generated_files/src/usart2.o
 .debug_ranges  0x0000000000000410       0x88 build/default/production/mcc_generated_files/src/rtc.o
 .debug_ranges  0x0000000000000498       0x38 build/default/production/mcc_generated_files/mcc.o
 .debug_ranges  0x00000000000004d0       0x18 build/default/production/mcc_generated_files/delay.o
 .debug_ranges  0x00000000000004e8       0x40 build/default/production/scheduler/atmega4808_rtc.o
 .debug_ranges  0x0000000000000528       0x40 build/default/production/Servo/atmega4808_pwm.o
 .debug_ranges  0x0000000000000568       0x10 build/default/production/main.o

.debug_macro
 *(.debug_macro)
OUTPUT(dist/default/production/FishFeeder.X.production.elf elf32-avr)
LOAD linker stubs
LOAD data_init

.note.gnu.avr.deviceinfo
                0x0000000000000000       0x40
 .note.gnu.avr.deviceinfo
                0x0000000000000000       0x40 C:/Program Files/Microchip/xc8/v2.40/dfp/xc8/avr/lib/avrxmega3/crtatmega4808.o

.bss.state      0x000000000080288b        0x1
 .bss.state     0x000000000080288b        0x1 build/default/production/application/application.o
                0x000000000080288b                state

.bss.sw1_debounce
                0x000000000080288c        0x1
 .bss.sw1_debounce
                0x000000000080288c        0x1 build/default/production/application/application.o

.bss.sw0_debounce
                0x000000000080288d        0x1
 .bss.sw0_debounce
                0x000000000080288d        0x1 build/default/production/application/application.o

.bss.table_size
                0x000000000080288e        0x1
 .bss.table_size
                0x000000000080288e        0x1 build/default/production/cli/cli.o

.bss.cmd_table_ptr
                0x0000000000802869        0x2
 .bss.cmd_table_ptr
                0x0000000000802869        0x2 build/default/production/cli/cli.o

.bss.buff_count
                0x000000000080288f        0x1
 .bss.buff_count
                0x000000000080288f        0x1 build/default/production/cli/cli.o

.bss.cmd_found  0x0000000000802890        0x1
 .bss.cmd_found
                0x0000000000802890        0x1 build/default/production/cli/cli.o

.bss.cmd_buff   0x0000000000802811       0x14
 .bss.cmd_buff  0x0000000000802811       0x14 build/default/production/cli/cli.o

.bss.PORTF_WAKE_InterruptHandler
                0x000000000080286b        0x2
 .bss.PORTF_WAKE_InterruptHandler
                0x000000000080286b        0x2 build/default/production/mcc_generated_files/src/pin_manager.o

.bss.PORTF_SW1_InterruptHandler
                0x000000000080286d        0x2
 .bss.PORTF_SW1_InterruptHandler
                0x000000000080286d        0x2 build/default/production/mcc_generated_files/src/pin_manager.o

.bss.PORTF_INT_InterruptHandler
                0x000000000080286f        0x2
 .bss.PORTF_INT_InterruptHandler
                0x000000000080286f        0x2 build/default/production/mcc_generated_files/src/pin_manager.o

.bss.PORTF_CE_InterruptHandler
                0x0000000000802871        0x2
 .bss.PORTF_CE_InterruptHandler
                0x0000000000802871        0x2 build/default/production/mcc_generated_files/src/pin_manager.o

.bss.PORTF_PF0_InterruptHandler
                0x0000000000802873        0x2
 .bss.PORTF_PF0_InterruptHandler
                0x0000000000802873        0x2 build/default/production/mcc_generated_files/src/pin_manager.o

.bss.PORTF_PF1_InterruptHandler
                0x0000000000802875        0x2
 .bss.PORTF_PF1_InterruptHandler
                0x0000000000802875        0x2 build/default/production/mcc_generated_files/src/pin_manager.o

.bss.PORTF_SW0_InterruptHandler
                0x0000000000802877        0x2
 .bss.PORTF_SW0_InterruptHandler
                0x0000000000802877        0x2 build/default/production/mcc_generated_files/src/pin_manager.o

.bss.spi0_desc  0x0000000000802891        0x1
 .bss.spi0_desc
                0x0000000000802891        0x1 build/default/production/mcc_generated_files/src/spi0.o

.bss.USART2_tx_elements
                0x0000000000802892        0x1
 .bss.USART2_tx_elements
                0x0000000000802892        0x1 build/default/production/mcc_generated_files/src/usart2.o

.bss.USART2_tx_tail
                0x0000000000802893        0x1
 .bss.USART2_tx_tail
                0x0000000000802893        0x1 build/default/production/mcc_generated_files/src/usart2.o

.bss.USART2_tx_head
                0x0000000000802894        0x1
 .bss.USART2_tx_head
                0x0000000000802894        0x1 build/default/production/mcc_generated_files/src/usart2.o

.bss.USART2_txbuf
                0x0000000000802855        0x8
 .bss.USART2_txbuf
                0x0000000000802855        0x8 build/default/production/mcc_generated_files/src/usart2.o

.bss.USART2_rx_elements
                0x0000000000802895        0x1
 .bss.USART2_rx_elements
                0x0000000000802895        0x1 build/default/production/mcc_generated_files/src/usart2.o

.bss.USART2_rx_tail
                0x0000000000802896        0x1
 .bss.USART2_rx_tail
                0x0000000000802896        0x1 build/default/production/mcc_generated_files/src/usart2.o

.bss.USART2_rx_head
                0x0000000000802897        0x1
 .bss.USART2_rx_head
                0x0000000000802897        0x1 build/default/production/mcc_generated_files/src/usart2.o

.bss.USART2_rxbuf
                0x000000000080285d        0x8
 .bss.USART2_rxbuf
                0x000000000080285d        0x8 build/default/production/mcc_generated_files/src/usart2.o

.bss.RTC_PIT_isr_cb
                0x0000000000802885        0x2
 .bss.RTC_PIT_isr_cb
                0x0000000000802885        0x2 build/default/production/mcc_generated_files/src/rtc.o
                0x0000000000802885                RTC_PIT_isr_cb

.bss.tick       0x0000000000802865        0x4
 .bss.tick      0x0000000000802865        0x4 build/default/production/scheduler/atmega4808_rtc.o

.bss.__stdout   0x0000000000802889        0x2
 .bss.__stdout  0x0000000000802889        0x2 c:/program files/microchip/xc8/v2.40/avr/bin/../lib/gcc/avr/5.4.0/../../../../avr/lib/avrxmega3\libc.a(stdout.o)

.text.vfpfcnvrt
                0x000000000000010e      0x3fc
 .text.vfpfcnvrt
                0x000000000000010e      0x3fc c:/program files/microchip/xc8/v2.40/avr/bin/../lib/gcc/avr/5.4.0/../../../../avr/lib/avrxmega3\libc.a(__printf_core.o)
                0x000000000000010e                vfpfcnvrt

.rodata         0x000000000080450a      0x2bb load address 0x000000000000050a
 .rodata        0x000000000080450a      0x2bb build/default/production/application/application.o

.text.__fmt_x   0x00000000000007c6      0x1dc
 .text.__fmt_x  0x00000000000007c6      0x1dc c:/program files/microchip/xc8/v2.40/avr/bin/../lib/gcc/avr/5.4.0/../../../../avr/lib/avrxmega3\libc.a(__fmt_x.o)
                0x00000000000007c6                __fmt_x_needed
                0x00000000000007c6                __fmt_x

.text.PIN_MANAGER_Initialize
                0x00000000000009a2      0x154
 .text.PIN_MANAGER_Initialize
                0x00000000000009a2      0x154 build/default/production/mcc_generated_files/src/pin_manager.o
                0x00000000000009a2                PIN_MANAGER_Initialize

.text.__fmt_d   0x0000000000000af6       0xe4
 .text.__fmt_d  0x0000000000000af6       0xe4 c:/program files/microchip/xc8/v2.40/avr/bin/../lib/gcc/avr/5.4.0/../../../../avr/lib/avrxmega3\libc.a(__fmt_d.o)
                0x0000000000000af6                __fmt_d
                0x0000000000000af6                __fmt_d_needed

.text.__pop_int
                0x0000000000000bda       0xd0
 .text.__pop_int
                0x0000000000000bda       0xd0 c:/program files/microchip/xc8/v2.40/avr/bin/../lib/gcc/avr/5.4.0/../../../../avr/lib/avrxmega3\libc.a(__pop_int.o)
                0x0000000000000bda                __pop_int_needed
                0x0000000000000bda                __pop_int

.text.__cvt_u   0x0000000000000caa       0xca
 .text.__cvt_u  0x0000000000000caa       0xca c:/program files/microchip/xc8/v2.40/avr/bin/../lib/gcc/avr/5.4.0/../../../../avr/lib/avrxmega3\libc.a(__fmt_u.o)
                0x0000000000000caa                __cvt_u

.text.__fmt_o   0x0000000000000d74       0xb2
 .text.__fmt_o  0x0000000000000d74       0xb2 c:/program files/microchip/xc8/v2.40/avr/bin/../lib/gcc/avr/5.4.0/../../../../avr/lib/avrxmega3\libc.a(__fmt_o.o)
                0x0000000000000d74                __fmt_o
                0x0000000000000d74                __fmt_o_needed

.text.__vector_29
                0x0000000000000e26       0xaa
 .text.__vector_29
                0x0000000000000e26       0xaa build/default/production/mcc_generated_files/src/pin_manager.o
                0x0000000000000e26                __vector_29

.text.main      0x0000000000000ed0       0x9e
 .text.main     0x0000000000000ed0       0x9e build/default/production/main.o
                0x0000000000000ed0                main

.text.fputc     0x0000000000000f6e       0x92
 .text.fputc    0x0000000000000f6e       0x92 c:/program files/microchip/xc8/v2.40/avr/bin/../lib/gcc/avr/5.4.0/../../../../avr/lib/avrxmega3\libc.a(fputc.o)
                0x0000000000000f6e                fputc
                0x0000000000000f6e                putc

.text.__fmt_u   0x0000000000001000       0x8e
 .text.__fmt_u  0x0000000000001000       0x8e c:/program files/microchip/xc8/v2.40/avr/bin/../lib/gcc/avr/5.4.0/../../../../avr/lib/avrxmega3\libc.a(__fmt_u.o)
                0x0000000000001000                __fmt_u_needed
                0x0000000000001000                __fmt_u

.text.PrintState
                0x000000000000108e       0x88
 .text.PrintState
                0x000000000000108e       0x88 build/default/production/application/application.o
                0x000000000000108e                PrintState

.text.__printf_core
                0x0000000000001116       0x78
 .text.__printf_core
                0x0000000000001116       0x78 c:/program files/microchip/xc8/v2.40/avr/bin/../lib/gcc/avr/5.4.0/../../../../avr/lib/avrxmega3\libc.a(__printf_core.o)
                0x0000000000001116                __printf_core

.text.App_HWInit
                0x000000000000118e       0x76
 .text.App_HWInit
                0x000000000000118e       0x76 build/default/production/application/application.o
                0x000000000000118e                App_HWInit

.text.__pad     0x0000000000001204       0x72
 .text.__pad    0x0000000000001204       0x72 c:/program files/microchip/xc8/v2.40/avr/bin/../lib/gcc/avr/5.4.0/../../../../avr/lib/avrxmega3\libc.a(__printf_core.o)
                0x0000000000001204                __pad

.text.PORT_Initialize
                0x0000000000001276       0x6e
 .text.PORT_Initialize
                0x0000000000001276       0x6e build/default/production/mcc_generated_files/src/pin_manager.o
                0x0000000000001276                PORT_Initialize

.text.App_SWInit
                0x00000000000012e4       0x5e
 .text.App_SWInit
                0x00000000000012e4       0x5e build/default/production/application/application.o
                0x00000000000012e4                App_SWInit

.text.read_prec_or_width
                0x0000000000001342       0x5c
 .text.read_prec_or_width
                0x0000000000001342       0x5c c:/program files/microchip/xc8/v2.40/avr/bin/../lib/gcc/avr/5.4.0/../../../../avr/lib/avrxmega3\libc.a(__printf_core.o)

.text.PrintMenu
                0x000000000000139e       0x5a
 .text.PrintMenu
                0x000000000000139e       0x5a build/default/production/application/application.o
                0x000000000000139e                PrintMenu

.text.__vector_9
                0x00000000000013f8       0x58
 .text.__vector_9
                0x00000000000013f8       0x58 build/default/production/mcc_generated_files/src/tca0.o
                0x00000000000013f8                __vector_9

.text.__vector_10
                0x0000000000001450       0x58
 .text.__vector_10
                0x0000000000001450       0x58 build/default/production/mcc_generated_files/src/tca0.o
                0x0000000000001450                __vector_10

.text.__vector_11
                0x00000000000014a8       0x58
 .text.__vector_11
                0x00000000000014a8       0x58 build/default/production/mcc_generated_files/src/tca0.o
                0x00000000000014a8                __vector_11

.text.__vector_7
                0x0000000000001500       0x58
 .text.__vector_7
                0x0000000000001500       0x58 build/default/production/mcc_generated_files/src/tca0.o
                0x0000000000001500                __vector_7

.text.__vector_4
                0x0000000000001558       0x58
 .text.__vector_4
                0x0000000000001558       0x58 build/default/production/mcc_generated_files/src/rtc.o
                0x0000000000001558                __vector_4

.text.PrintIP   0x00000000000015b0       0x54
 .text.PrintIP  0x00000000000015b0       0x54 build/default/production/application/application.o
                0x00000000000015b0                PrintIP

.text.__vector_3
                0x0000000000001604       0x54
 .text.__vector_3
                0x0000000000001604       0x54 build/default/production/scheduler/atmega4808_rtc.o
                0x0000000000001604                __vector_3

.text.__fmt_s   0x0000000000001658       0x54
 .text.__fmt_s  0x0000000000001658       0x54 c:/program files/microchip/xc8/v2.40/avr/bin/../lib/gcc/avr/5.4.0/../../../../avr/lib/avrxmega3\libc.a(__fmt_s.o)
                0x0000000000001658                __fmt_s
                0x0000000000001658                __fmt_0_needed
                0x0000000000001658                __fmt_s_needed

.text.__vector_31
                0x00000000000016ac       0x52
 .text.__vector_31
                0x00000000000016ac       0x52 build/default/production/mcc_generated_files/src/usart2.o
                0x00000000000016ac                __vector_31

.text.__vector_32
                0x00000000000016fe       0x52
 .text.__vector_32
                0x00000000000016fe       0x52 build/default/production/mcc_generated_files/src/usart2.o
                0x00000000000016fe                __vector_32

.text.CLKCTRL_Initialize
                0x0000000000001750       0x4c
 .text.CLKCTRL_Initialize
                0x0000000000001750       0x4c build/default/production/mcc_generated_files/mcc.o
                0x0000000000001750                CLKCTRL_Initialize

.text.USART2_Initialize
                0x000000000000179c       0x4a
 .text.USART2_Initialize
                0x000000000000179c       0x4a build/default/production/mcc_generated_files/src/usart2.o
                0x000000000000179c                USART2_Initialize

.text.PrintInfo
                0x00000000000017e6       0x48
 .text.PrintInfo
                0x00000000000017e6       0x48 build/default/production/application/application.o
                0x00000000000017e6                PrintInfo

.text.TCA0_Initialize
                0x000000000000182e       0x44
 .text.TCA0_Initialize
                0x000000000000182e       0x44 build/default/production/mcc_generated_files/src/tca0.o
                0x000000000000182e                TCA0_Initialize

.text.libgcc.div
                0x0000000000001872       0x44
 .text.libgcc.div
                0x0000000000001872       0x44 c:/program files/microchip/xc8/v2.40/avr/bin/../lib/gcc/avr/5.4.0/avrxmega3\libgcc.a(_udivmodsi4.o)
                0x0000000000001872                __udivmodsi4

.text.__fmt_state
                0x00000000000018b6       0x40
 .text.__fmt_state
                0x00000000000018b6       0x40 c:/program files/microchip/xc8/v2.40/avr/bin/../lib/gcc/avr/5.4.0/../../../../avr/lib/avrxmega3\libc.a(__printf_core.o)
                0x00000000000018b6                __fmt_state

.text.USART2_DefaultTxIsrCb
                0x00000000000018f6       0x3e
 .text.USART2_DefaultTxIsrCb
                0x00000000000018f6       0x3e build/default/production/mcc_generated_files/src/usart2.o
                0x00000000000018f6                USART2_DefaultTxIsrCb

.text.USART2_Write
                0x0000000000001934       0x3e
 .text.USART2_Write
                0x0000000000001934       0x3e build/default/production/mcc_generated_files/src/usart2.o
                0x0000000000001934                USART2_Write

.text.__out     0x0000000000001972       0x3a
 .text.__out    0x0000000000001972       0x3a c:/program files/microchip/xc8/v2.40/avr/bin/../lib/gcc/avr/5.4.0/../../../../avr/lib/avrxmega3\libc.a(__printf_core.o)
                0x0000000000001972                __out

.text.CLI_GetChar
                0x00000000000019ac       0x38
 .text.CLI_GetChar
                0x00000000000019ac       0x38 build/default/production/cli/cli.o
                0x00000000000019ac                CLI_GetChar

.text.RTC_Initialize
                0x00000000000019e4       0x32
 .text.RTC_Initialize
                0x00000000000019e4       0x32 build/default/production/mcc_generated_files/src/rtc.o
                0x00000000000019e4                RTC_Initialize

.text.ATMEGA4808_RTC_Init
                0x0000000000001a16       0x32
 .text.ATMEGA4808_RTC_Init
                0x0000000000001a16       0x32 build/default/production/scheduler/atmega4808_rtc.o
                0x0000000000001a16                ATMEGA4808_RTC_Init

.text.libgcc.prologue
                0x0000000000001a48       0x32
 .text.libgcc.prologue
                0x0000000000001a48       0x32 c:/program files/microchip/xc8/v2.40/avr/bin/../lib/gcc/avr/5.4.0/avrxmega3\libgcc.a(_prologue.o)
                0x0000000000001a48                __prologue_saves__

.text.__wrap_printf
                0x0000000000001a7a       0x30
 .text.__wrap_printf
                0x0000000000001a7a       0x30 c:/program files/microchip/xc8/v2.40/avr/bin/../lib/gcc/avr/5.4.0/../../../../avr/lib/avrxmega3\libc.a(__sio_printf_dosux.o)
                0x0000000000001a7a                _printf_cdopsuxX

.text.__wrap_printf
                0x0000000000001aaa       0x30
 .text.__wrap_printf
                0x0000000000001aaa       0x30 c:/program files/microchip/xc8/v2.40/avr/bin/../lib/gcc/avr/5.4.0/../../../../avr/lib/avrxmega3\libc.a(__sio_printf_s.o)
                0x0000000000001aaa                _printf_s

.text.__vfprintf
                0x0000000000001ada       0x30
 .text.__vfprintf
                0x0000000000001ada       0x30 c:/program files/microchip/xc8/v2.40/avr/bin/../lib/gcc/avr/5.4.0/../../../../avr/lib/avrxmega3\libc.a(__int_vfprintf.o)
                0x0000000000001ada                __vfprintf

.text.libgcc.prologue
                0x0000000000001b0a       0x30
 .text.libgcc.prologue
                0x0000000000001b0a       0x30 c:/program files/microchip/xc8/v2.40/avr/bin/../lib/gcc/avr/5.4.0/avrxmega3\libgcc.a(_epilogue.o)
                0x0000000000001b0a                __epilogue_restores__

.text.USART2_DefaultRxIsrCb
                0x0000000000001b3a       0x2c
 .text.USART2_DefaultRxIsrCb
                0x0000000000001b3a       0x2c build/default/production/mcc_generated_files/src/usart2.o
                0x0000000000001b3a                USART2_DefaultRxIsrCb

.text.SW1_InterruptHandler
                0x0000000000001b66       0x2a
 .text.SW1_InterruptHandler
                0x0000000000001b66       0x2a build/default/production/application/application.o

.text.SYSTEM_Initialize
                0x0000000000001b90       0x2a
 .text.SYSTEM_Initialize
                0x0000000000001b90       0x2a build/default/production/mcc_generated_files/mcc.o
                0x0000000000001b90                SYSTEM_Initialize

.text.__vector_33
                0x0000000000001bba       0x20
 .text.__vector_33
                0x0000000000001bba       0x20 build/default/production/mcc_generated_files/src/usart2.o
                0x0000000000001bba                __vector_33

.text.USART2_SetISRCb
                0x0000000000001bda       0x1e
 .text.USART2_SetISRCb
                0x0000000000001bda       0x1e build/default/production/mcc_generated_files/src/usart2.o
                0x0000000000001bda                USART2_SetISRCb

.text.SW0_InterruptHandler
                0x0000000000001bf8       0x1c
 .text.SW0_InterruptHandler
                0x0000000000001bf8       0x1c build/default/production/application/application.o

.text.CPUINT_Initialize
                0x0000000000001c14       0x1c
 .text.CPUINT_Initialize
                0x0000000000001c14       0x1c build/default/production/mcc_generated_files/src/cpuint.o
                0x0000000000001c14                CPUINT_Initialize

.text.strlen    0x0000000000001c30       0x1c
 .text.strlen   0x0000000000001c30       0x1c c:/program files/microchip/xc8/v2.40/avr/bin/../lib/gcc/avr/5.4.0/../../../../avr/lib/avrxmega3\libc.a(strlen.o)
                0x0000000000001c30                strlen

.text.ATMEGA4808_PWM_Init
                0x0000000000001c4c       0x1a
 .text.ATMEGA4808_PWM_Init
                0x0000000000001c4c       0x1a build/default/production/Servo/atmega4808_pwm.o
                0x0000000000001c4c                ATMEGA4808_PWM_Init

.text.BOD_Initialize
                0x0000000000001c66       0x18
 .text.BOD_Initialize
                0x0000000000001c66       0x18 build/default/production/mcc_generated_files/mcc.o
                0x0000000000001c66                BOD_Initialize

.text.SPI0_Initialize
                0x0000000000001c7e       0x16
 .text.SPI0_Initialize
                0x0000000000001c7e       0x16 build/default/production/mcc_generated_files/src/spi0.o
                0x0000000000001c7e                SPI0_Initialize

.text.DELAY_milliseconds
                0x0000000000001c94       0x16
 .text.DELAY_milliseconds
                0x0000000000001c94       0x16 build/default/production/mcc_generated_files/delay.o
                0x0000000000001c94                DELAY_milliseconds

.text.exit      0x0000000000001caa       0x16
 .text.exit     0x0000000000001caa       0x16 c:/program files/microchip/xc8/v2.40/avr/bin/../lib/gcc/avr/5.4.0/../../../../avr/lib/avrxmega3\libc.a(exit.o)
                0x0000000000001caa                exit

.rodata.state_table
                0x0000000000805cc0       0x16 load address 0x0000000000001cc0
 .rodata.state_table
                0x0000000000805cc0       0x16 c:/program files/microchip/xc8/v2.40/avr/bin/../lib/gcc/avr/5.4.0/../../../../avr/lib/avrxmega3\libc.a(__printf_core.o)

.text.CLI_GetVersion
                0x0000000000001cd6       0x12
 .text.CLI_GetVersion
                0x0000000000001cd6       0x12 build/default/production/cli/cli.o
                0x0000000000001cd6                CLI_GetVersion

.text.toupper   0x0000000000001ce8       0x12
 .text.toupper  0x0000000000001ce8       0x12 c:/program files/microchip/xc8/v2.40/avr/bin/../lib/gcc/avr/5.4.0/../../../../avr/lib/avrxmega3\libc.a(toupper.o)
                0x0000000000001ce8                toupper

.text.CLI_Init  0x0000000000001cfa       0x10
 .text.CLI_Init
                0x0000000000001cfa       0x10 build/default/production/cli/cli.o
                0x0000000000001cfa                CLI_Init

.text.SLPCTRL_Initialize
                0x0000000000001d0a       0x10
 .text.SLPCTRL_Initialize
                0x0000000000001d0a       0x10 build/default/production/mcc_generated_files/mcc.o
                0x0000000000001d0a                SLPCTRL_Initialize

.text.WDT_Initialize
                0x0000000000001d1a       0x10
 .text.WDT_Initialize
                0x0000000000001d1a       0x10 build/default/production/mcc_generated_files/mcc.o
                0x0000000000001d1a                WDT_Initialize

.text.tolower   0x0000000000001d2a       0x10
 .text.tolower  0x0000000000001d2a       0x10 c:/program files/microchip/xc8/v2.40/avr/bin/../lib/gcc/avr/5.4.0/../../../../avr/lib/avrxmega3\libc.a(tolower.o)
                0x0000000000001d2a                tolower

.text.UART2_RXCallback
                0x0000000000001d3a        0xe
 .text.UART2_RXCallback
                0x0000000000001d3a        0xe build/default/production/application/application.o

.text.TCA0_ClearOverflowInterruptFlag
                0x0000000000001d48        0xc
 .text.TCA0_ClearOverflowInterruptFlag
                0x0000000000001d48        0xc build/default/production/mcc_generated_files/src/tca0.o
                0x0000000000001d48                TCA0_ClearOverflowInterruptFlag

.text.USART2_Enable
                0x0000000000001d54        0xc
 .text.USART2_Enable
                0x0000000000001d54        0xc build/default/production/mcc_generated_files/src/usart2.o
                0x0000000000001d54                USART2_Enable

.text.__vector_2
                0x0000000000001d60        0xc
 .text.__vector_2
                0x0000000000001d60        0xc build/default/production/mcc_generated_files/mcc.o
                0x0000000000001d60                __vector_2

.text.ATMEGA4808_RTC_Start
                0x0000000000001d6c        0xc
 .text.ATMEGA4808_RTC_Start
                0x0000000000001d6c        0xc build/default/production/scheduler/atmega4808_rtc.o
                0x0000000000001d6c                ATMEGA4808_RTC_Start

.text.ATMEGA4808_RTC_Stop
                0x0000000000001d78        0xc
 .text.ATMEGA4808_RTC_Stop
                0x0000000000001d78        0xc build/default/production/scheduler/atmega4808_rtc.o
                0x0000000000001d78                ATMEGA4808_RTC_Stop

.text.ATMEGA4808_PWM_Stop
                0x0000000000001d84        0xc
 .text.ATMEGA4808_PWM_Stop
                0x0000000000001d84        0xc build/default/production/Servo/atmega4808_pwm.o
                0x0000000000001d84                ATMEGA4808_PWM_Stop

.text.PORTF_SW0_SetInterruptHandler
                0x0000000000001d90        0xa
 .text.PORTF_SW0_SetInterruptHandler
                0x0000000000001d90        0xa build/default/production/mcc_generated_files/src/pin_manager.o
                0x0000000000001d90                PORTF_SW0_SetInterruptHandler

.text.PORTF_SW1_SetInterruptHandler
                0x0000000000001d9a        0xa
 .text.PORTF_SW1_SetInterruptHandler
                0x0000000000001d9a        0xa build/default/production/mcc_generated_files/src/pin_manager.o
                0x0000000000001d9a                PORTF_SW1_SetInterruptHandler

.text.TCA0_SetOVFIsrCallback
                0x0000000000001da4        0xa
 .text.TCA0_SetOVFIsrCallback
                0x0000000000001da4        0xa build/default/production/mcc_generated_files/src/tca0.o
                0x0000000000001da4                TCA0_SetOVFIsrCallback

.text.USART2_printCHAR
                0x0000000000001dae        0xa
 .text.USART2_printCHAR
                0x0000000000001dae        0xa build/default/production/mcc_generated_files/src/usart2.o
                0x0000000000001dae                USART2_printCHAR

.text.protected_write_io
                0x0000000000001db8        0x8
 .text.protected_write_io
                0x0000000000001db8        0x8 build/default/production/mcc_generated_files/src/protected_io.o
                0x0000000000001db8                protected_write_io

.rodata.nuls.2781
                0x0000000000805dc0        0x7 load address 0x0000000000001dc0
 .rodata.nuls.2781
                0x0000000000805dc0        0x7 c:/program files/microchip/xc8/v2.40/avr/bin/../lib/gcc/avr/5.4.0/../../../../avr/lib/avrxmega3\libc.a(__fmt_s.o)

.text.PwmOverflowCallback
                0x0000000000001dc8        0x6
 .text.PwmOverflowCallback
                0x0000000000001dc8        0x6 build/default/production/Servo/atmega4808_pwm.o

.rodata.nilstr.2962
                0x0000000000805dce        0x6 load address 0x0000000000001dce
 .rodata.nilstr.2962
                0x0000000000805dce        0x6 c:/program files/microchip/xc8/v2.40/avr/bin/../lib/gcc/avr/5.4.0/../../../../avr/lib/avrxmega3\libc.a(__printf_core.o)

.text           0x0000000000001dd4        0x4
 .text          0x0000000000001dd4        0x4 C:/Program Files/Microchip/xc8/v2.40/dfp/xc8/avr/lib/avrxmega3/crtatmega4808.o
                0x0000000000001dd4                __vector_22
                0x0000000000001dd4                __vector_28
                0x0000000000001dd4                __vector_1
                0x0000000000001dd4                __vector_34
                0x0000000000001dd4                __vector_24
                0x0000000000001dd4                __vector_12
                0x0000000000001dd4                __bad_interrupt
                0x0000000000001dd4                __vector_6
                0x0000000000001dd4                __vector_35
                0x0000000000001dd4                __vector_23
                0x0000000000001dd4                __vector_30
                0x0000000000001dd4                __vector_25
                0x0000000000001dd4                __vector_13
                0x0000000000001dd4                __vector_17
                0x0000000000001dd4                __vector_19
                0x0000000000001dd4                __vector_27
                0x0000000000001dd4                __vector_5
                0x0000000000001dd4                __vector_21
                0x0000000000001dd4                __vector_15
                0x0000000000001dd4                __vector_8
                0x0000000000001dd4                __vector_26
                0x0000000000001dd4                __vector_14
                0x0000000000001dd4                __vector_16
                0x0000000000001dd4                __vector_18
                0x0000000000001dd4                __vector_20

.text._Exit     0x0000000000001dd8        0x4
 .text._Exit    0x0000000000001dd8        0x4 c:/program files/microchip/xc8/v2.40/avr/bin/../lib/gcc/avr/5.4.0/../../../../avr/lib/avrxmega3\libc.a(_Exit.o)
                0x0000000000001dd8                _Exit

.text.PORTF_SW0_DefaultInterruptHandler
                0x0000000000001ddc        0x2
 .text.PORTF_SW0_DefaultInterruptHandler
                0x0000000000001ddc        0x2 build/default/production/mcc_generated_files/src/pin_manager.o
                0x0000000000001ddc                PORTF_SW0_DefaultInterruptHandler

.text.PORTF_PF1_DefaultInterruptHandler
                0x0000000000001dde        0x2
 .text.PORTF_PF1_DefaultInterruptHandler
                0x0000000000001dde        0x2 build/default/production/mcc_generated_files/src/pin_manager.o
                0x0000000000001dde                PORTF_PF1_DefaultInterruptHandler

.text.PORTF_PF0_DefaultInterruptHandler
                0x0000000000001de0        0x2
 .text.PORTF_PF0_DefaultInterruptHandler
                0x0000000000001de0        0x2 build/default/production/mcc_generated_files/src/pin_manager.o
                0x0000000000001de0                PORTF_PF0_DefaultInterruptHandler

.text.PORTF_CE_DefaultInterruptHandler
                0x0000000000001de2        0x2
 .text.PORTF_CE_DefaultInterruptHandler
                0x0000000000001de2        0x2 build/default/production/mcc_generated_files/src/pin_manager.o
                0x0000000000001de2                PORTF_CE_DefaultInterruptHandler

.text.PORTF_INT_DefaultInterruptHandler
                0x0000000000001de4        0x2
 .text.PORTF_INT_DefaultInterruptHandler
                0x0000000000001de4        0x2 build/default/production/mcc_generated_files/src/pin_manager.o
                0x0000000000001de4                PORTF_INT_DefaultInterruptHandler

.text.PORTF_SW1_DefaultInterruptHandler
                0x0000000000001de6        0x2
 .text.PORTF_SW1_DefaultInterruptHandler
                0x0000000000001de6        0x2 build/default/production/mcc_generated_files/src/pin_manager.o
                0x0000000000001de6                PORTF_SW1_DefaultInterruptHandler

.text.PORTF_WAKE_DefaultInterruptHandler
                0x0000000000001de8        0x2
 .text.PORTF_WAKE_DefaultInterruptHandler
                0x0000000000001de8        0x2 build/default/production/mcc_generated_files/src/pin_manager.o
                0x0000000000001de8                PORTF_WAKE_DefaultInterruptHandler

.text.TCA0_DefaultCMP0IsrCallback
                0x0000000000001dea        0x2
 .text.TCA0_DefaultCMP0IsrCallback
                0x0000000000001dea        0x2 build/default/production/mcc_generated_files/src/tca0.o
                0x0000000000001dea                TCA0_DefaultCMP0IsrCallback

.text.TCA0_DefaultCMP1IsrCallback
                0x0000000000001dec        0x2
 .text.TCA0_DefaultCMP1IsrCallback
                0x0000000000001dec        0x2 build/default/production/mcc_generated_files/src/tca0.o
                0x0000000000001dec                TCA0_DefaultCMP1IsrCallback

.text.TCA0_DefaultCMP2IsrCallback
                0x0000000000001dee        0x2
 .text.TCA0_DefaultCMP2IsrCallback
                0x0000000000001dee        0x2 build/default/production/mcc_generated_files/src/tca0.o
                0x0000000000001dee                TCA0_DefaultCMP2IsrCallback

.text.TCA0_DefaultOVFIsrCallback
                0x0000000000001df0        0x2
 .text.TCA0_DefaultOVFIsrCallback
                0x0000000000001df0        0x2 build/default/production/mcc_generated_files/src/tca0.o
                0x0000000000001df0                TCA0_DefaultOVFIsrCallback

.text.__dummy_fini
                0x0000000000001df2        0x2
 .text.__dummy_fini
                0x0000000000001df2        0x2 c:/program files/microchip/xc8/v2.40/avr/bin/../lib/gcc/avr/5.4.0/../../../../avr/lib/avrxmega3\libc.a(exit.o)
                0x0000000000001df2                _fini

.text.__dummy_funcs_on_exit
                0x0000000000001df4        0x2
 .text.__dummy_funcs_on_exit
                0x0000000000001df4        0x2 c:/program files/microchip/xc8/v2.40/avr/bin/../lib/gcc/avr/5.4.0/../../../../avr/lib/avrxmega3\libc.a(exit.o)
                0x0000000000001df4                __funcs_on_exit

.text.__dummy_simulator_exit
                0x0000000000001df6        0x2
 .text.__dummy_simulator_exit
                0x0000000000001df6        0x2 c:/program files/microchip/xc8/v2.40/avr/bin/../lib/gcc/avr/5.4.0/../../../../avr/lib/avrxmega3\libc.a(exit.o)
                0x0000000000001df6                __simulator_exit

.data.cmd_description_table
                0x0000000000802825       0x10 load address 0x0000000000001df8
 .data.cmd_description_table
                0x0000000000802825       0x10 build/default/production/application/application.o
                0x0000000000802825                cmd_description_table

.data.cmd_table
                0x0000000000802835       0x10 load address 0x0000000000001e08
 .data.cmd_table
                0x0000000000802835       0x10 build/default/production/application/application.o
                0x0000000000802835                cmd_table

.data.USART2_stream
                0x0000000000802845       0x10 load address 0x0000000000001e18
 .data.USART2_stream
                0x0000000000802845       0x10 build/default/production/mcc_generated_files/src/usart2.o
                0x0000000000802845                USART2_stream

.data.TCA0_OVF_isr_cb
                0x0000000000802879        0x2 load address 0x0000000000001e28
 .data.TCA0_OVF_isr_cb
                0x0000000000802879        0x2 build/default/production/mcc_generated_files/src/tca0.o
                0x0000000000802879                TCA0_OVF_isr_cb

.data.TCA0_CMP2_isr_cb
                0x000000000080287b        0x2 load address 0x0000000000001e2a
 .data.TCA0_CMP2_isr_cb
                0x000000000080287b        0x2 build/default/production/mcc_generated_files/src/tca0.o
                0x000000000080287b                TCA0_CMP2_isr_cb

.data.TCA0_CMP1_isr_cb
                0x000000000080287d        0x2 load address 0x0000000000001e2c
 .data.TCA0_CMP1_isr_cb
                0x000000000080287d        0x2 build/default/production/mcc_generated_files/src/tca0.o
                0x000000000080287d                TCA0_CMP1_isr_cb

.data.TCA0_CMP0_isr_cb
                0x000000000080287f        0x2 load address 0x0000000000001e2e
 .data.TCA0_CMP0_isr_cb
                0x000000000080287f        0x2 build/default/production/mcc_generated_files/src/tca0.o
                0x000000000080287f                TCA0_CMP0_isr_cb

.data.USART2_tx_isr_cb
                0x0000000000802881        0x2 load address 0x0000000000001e30
 .data.USART2_tx_isr_cb
                0x0000000000802881        0x2 build/default/production/mcc_generated_files/src/usart2.o
                0x0000000000802881                USART2_tx_isr_cb

.data.USART2_rx_isr_cb
                0x0000000000802883        0x2 load address 0x0000000000001e32
 .data.USART2_rx_isr_cb
                0x0000000000802883        0x2 build/default/production/mcc_generated_files/src/usart2.o
                0x0000000000802883                USART2_rx_isr_cb

.data._stdout   0x0000000000802887        0x2 load address 0x0000000000001e34
 .data._stdout  0x0000000000802887        0x2 c:/program files/microchip/xc8/v2.40/avr/bin/../lib/gcc/avr/5.4.0/../../../../avr/lib/avrxmega3\libc.a(stdout.o)
                0x0000000000802887                _stdout
